can't find: a in "./tests/reject/data.lc" (line 1, column 20):
data Data1 = Data1 a b c
                   ^