halt because of type error at "./tests/reject/record01.lc" (line 25, column 18)
  field = record.fieldA
 in ScreenOut record.fieldA