during addUnifs
position: "./tests/reject/accumulate01.lc" (line 11, column 23) - "./tests/reject/accumulate01.lc" (line 11, column 68)
  frame             = Accumulate fragmentCtx PassAll fragmentShader fragmentStream emptyFB
                      ^^^^^^^^^^^^^^^^^^^^^^^^^^^^^^^^^^^^^^^^^^^^^
cannot unify Color (Vec 4 t00056)
with (Depth Float,Color (Vec 4 Float))
----------- equations
~~~
t00052 -> FragmentOut (Color (Vec 4 t00056))
t00059 -> FragmentOut (Depth Float,Color (Vec 4 Float))