during inst x
position: "./tests/reject/adhoc.lc" (line 4, column 1) - "./tests/reject/adhoc.lc" (line 4, column 23)
x = oneComp :: Vec 4 A
^^^^^^^^^^^^^^^^^^^^^^
during ambcheck x ambiguous type:
(a :: Component (Vec 4 A)) => Vec 4 A
problematic vars: [(t00004,Component (Vec 4 A))]