during addUnifs
position: "./tests/reject/fragctx02.lc" (line 11, column 23) - "./tests/reject/fragctx02.lc" (line 11, column 68)
  frame             = Accumulate fragmentCtx PassAll fragmentShader fragmentStream emptyFB
                      ^^^^^^^^^^^^^^^^^^^^^^^^^^^^^^^^^^^^^^^^^^^^^
cannot unify (Color (Vec 4 t00056),Color (Vec 4 t00057))
with Color (Vec 4 Float)
----------- equations
~~~
t00052
-> FragmentOut (Color (Vec 4 t00056),Color (Vec 4 t00057))
t00061 -> FragmentOut (Color (Vec 4 Float))