"./tests/reject/listcompr01.lc" (line 6, column 42):
unexpected ','
expecting "data", "builtins", type signature, "type", "class", function definition, value definition, "infix", "infixl", "infixr", "instance" or end of input