during type inference of frame'
position: "./tests/reject/scope01.lc" (line 3, column 18) - "./tests/reject/scope01.lc" (line 3, column 24)
    in ScreenOut frame'
                 ^^^^^^
Variable frame' is not in scope.