Pipeline {backend = OpenGL33, textures = [], samplers = [], targets = [RenderTarget {renderTargets = [TargetItem {targetSemantic = Depth, targetRef = Just (Framebuffer Depth)},TargetItem {targetSemantic = Color, targetRef = Just (Framebuffer Color)}]}], programs = [Program {programUniforms = fromList [("viewProj",M44F),("worldMat",M44F)], programStreams = fromList [("x1",Parameter {name = "position", ty = V3F}),("y1",Parameter {name = "color", ty = V4F})], programInTextures = fromList [], programOutput = [Parameter {name = "f0", ty = V4F}], vertexShader = "#version 330 core\nvec4 texture2D(sampler2D s, vec2 uv){return texture(s,uv);}\nuniform mat4 viewProj ;\nuniform mat4 worldMat ;\nin vec3 x1 ;\nin vec4 y1 ;\nsmooth out vec4 v0 ;\nvoid main() {\nv0 = y1;\ngl_Position = ( viewProj ) * ( ( worldMat ) * ( vec4 ( ( x1 ).x,( x1 ).y,( x1 ).z,1.0 ) ) );\ngl_PointSize = 1.0;\n}\n", geometryShader = Nothing, fragmentShader = "#version 330 core\nvec4 texture2D(sampler2D s, vec2 uv){return texture(s,uv);}\nsmooth in vec4 v0 ;\nout vec4 f0 ;\nvoid main() {\nf0 = vec4 ( ( 1.0 ) - ( ( v0 ).x ),( 1.0 ) - ( ( v0 ).y ),( 1.0 ) - ( ( v0 ).z ),1.0 );\n}\n"},Program {programUniforms = fromList [("viewProj",M44F),("worldMat",M44F)], programStreams = fromList [("n4",Parameter {name = "position", ty = V3F}),("o4",Parameter {name = "color", ty = V4F})], programInTextures = fromList [], programOutput = [Parameter {name = "f0", ty = V4F}], vertexShader = "#version 330 core\nvec4 texture2D(sampler2D s, vec2 uv){return texture(s,uv);}\nuniform mat4 viewProj ;\nuniform mat4 worldMat ;\nin vec3 n4 ;\nin vec4 o4 ;\nsmooth out vec4 v0 ;\nvoid main() {\nv0 = vec4 ( ( o4 ).x,( o4 ).y,( o4 ).z,0.5 );\ngl_Position = ( viewProj ) * ( ( worldMat ) * ( vec4 ( ( n4 ).x,( n4 ).y,( n4 ).z,1.0 ) ) );\ngl_PointSize = 1.0;\n}\n", geometryShader = Nothing, fragmentShader = "#version 330 core\nvec4 texture2D(sampler2D s, vec2 uv){return texture(s,uv);}\nsmooth in vec4 v0 ;\nout vec4 f0 ;\nvoid main() {\nf0 = v0;\n}\n"},Program {programUniforms = fromList [("identityLight",Float),("viewProj",M44F),("worldMat",M44F)], programStreams = fromList [("v9",Parameter {name = "position", ty = V3F}),("w9",Parameter {name = "normal", ty = V3F}),("x9",Parameter {name = "diffuseUV", ty = V2F}),("y9",Parameter {name = "lightmapUV", ty = V2F}),("z9",Parameter {name = "color", ty = V4F})], programInTextures = fromList [], programOutput = [Parameter {name = "f0", ty = V4F}], vertexShader = "#version 330 core\nvec4 texture2D(sampler2D s, vec2 uv){return texture(s,uv);}\nuniform float identityLight ;\nuniform mat4 viewProj ;\nuniform mat4 worldMat ;\nin vec3 v9 ;\nin vec3 w9 ;\nin vec2 x9 ;\nin vec2 y9 ;\nin vec4 z9 ;\nsmooth out vec2 v0 ;\nsmooth out vec4 v1 ;\nvoid main() {\nv0 = x9;\nv1 = vec4 ( ( ( vec3 ( ( z9 ).x,( z9 ).y,( z9 ).z ) ) * ( identityLight ) ).x,( ( vec3 ( ( z9 ).x,( z9 ).y,( z9 ).z ) ) * ( identityLight ) ).y,( ( vec3 ( ( z9 ).x,( z9 ).y,( z9 ).z ) ) * ( identityLight ) ).z,( z9 ).w );\ngl_Position = ( viewProj ) * ( ( worldMat ) * ( vec4 ( ( v9 ).x,( v9 ).y,( v9 ).z,1.0 ) ) );\ngl_PointSize = 1.0;\n}\n", geometryShader = Nothing, fragmentShader = "#version 330 core\nvec4 texture2D(sampler2D s, vec2 uv){return texture(s,uv);}\nuniform sampler2D sampler0 ;\nsmooth in vec2 v0 ;\nsmooth in vec4 v1 ;\nout vec4 f0 ;\nvoid main() {\nf0 = ( v1 ) * ( texture2D ( sampler0,v0 ) );\n}\n"},Program {programUniforms = fromList [("identityLight",Float),("viewProj",M44F),("worldMat",M44F)], programStreams = fromList [("g15",Parameter {name = "position", ty = V3F}),("h15",Parameter {name = "normal", ty = V3F}),("i15",Parameter {name = "diffuseUV", ty = V2F}),("j15",Parameter {name = "lightmapUV", ty = V2F}),("k15",Parameter {name = "color", ty = V4F})], programInTextures = fromList [], programOutput = [Parameter {name = "f0", ty = V4F}], vertexShader = "#version 330 core\nvec4 texture2D(sampler2D s, vec2 uv){return texture(s,uv);}\nuniform float identityLight ;\nuniform mat4 viewProj ;\nuniform mat4 worldMat ;\nin vec3 g15 ;\nin vec3 h15 ;\nin vec2 i15 ;\nin vec2 j15 ;\nin vec4 k15 ;\nsmooth out vec2 v0 ;\nsmooth out vec4 v1 ;\nvoid main() {\nv0 = j15;\nv1 = vec4 ( identityLight,identityLight,identityLight,1.0 );\ngl_Position = ( viewProj ) * ( ( worldMat ) * ( vec4 ( ( g15 ).x,( g15 ).y,( g15 ).z,1.0 ) ) );\ngl_PointSize = 1.0;\n}\n", geometryShader = Nothing, fragmentShader = "#version 330 core\nvec4 texture2D(sampler2D s, vec2 uv){return texture(s,uv);}\nuniform sampler2D sampler1 ;\nsmooth in vec2 v0 ;\nsmooth in vec4 v1 ;\nout vec4 f0 ;\nvoid main() {\nf0 = ( v1 ) * ( texture2D ( sampler1,v0 ) );\n}\n"},Program {programUniforms = fromList [("identityLight",Float),("viewProj",M44F),("worldMat",M44F)], programStreams = fromList [("a19",Parameter {name = "position", ty = V3F}),("b19",Parameter {name = "normal", ty = V3F}),("c19",Parameter {name = "diffuseUV", ty = V2F}),("d19",Parameter {name = "lightmapUV", ty = V2F}),("e19",Parameter {name = "color", ty = V4F})], programInTextures = fromList [], programOutput = [Parameter {name = "f0", ty = V4F}], vertexShader = "#version 330 core\nvec4 texture2D(sampler2D s, vec2 uv){return texture(s,uv);}\nuniform float identityLight ;\nuniform mat4 viewProj ;\nuniform mat4 worldMat ;\nin vec3 a19 ;\nin vec3 b19 ;\nin vec2 c19 ;\nin vec2 d19 ;\nin vec4 e19 ;\nsmooth out vec2 v0 ;\nsmooth out vec4 v1 ;\nvoid main() {\nv0 = c19;\nv1 = vec4 ( identityLight,identityLight,identityLight,1.0 );\ngl_Position = ( viewProj ) * ( ( worldMat ) * ( vec4 ( ( a19 ).x,( a19 ).y,( a19 ).z,1.0 ) ) );\ngl_PointSize = 1.0;\n}\n", geometryShader = Nothing, fragmentShader = "#version 330 core\nvec4 texture2D(sampler2D s, vec2 uv){return texture(s,uv);}\nuniform sampler2D sampler2 ;\nsmooth in vec2 v0 ;\nsmooth in vec4 v1 ;\nout vec4 f0 ;\nvoid main() {\nf0 = ( v1 ) * ( texture2D ( sampler2,v0 ) );\n}\n"}], slots = [Slot {slotName = "missing shader", slotStreams = fromList [("color",V4F),("position",V3F)], slotUniforms = fromList [("viewProj",M44F),("worldMat",M44F)], slotPrimitive = Triangles, slotPrograms = [0,1]},Slot {slotName = "models/mapobjects/gratelamp/gratetorch2b", slotStreams = fromList [("color",V4F),("diffuseUV",V2F),("lightmapUV",V2F),("normal",V3F),("position",V3F)], slotUniforms = fromList [("identityLight",Float),("viewProj",M44F),("worldMat",M44F)], slotPrimitive = Triangles, slotPrograms = [2]},Slot {slotName = "models/mapobjects/gratelamp/gratetorch2", slotStreams = fromList [("color",V4F),("diffuseUV",V2F),("lightmapUV",V2F),("normal",V3F),("position",V3F)], slotUniforms = fromList [("identityLight",Float),("viewProj",M44F),("worldMat",M44F)], slotPrimitive = Triangles, slotPrograms = [3,4]}], streams = [], commands = [SetRenderTarget 0,ClearRenderTarget [ClearImage {imageSemantic = Depth, clearValue = VFloat 1000.0},ClearImage {imageSemantic = Color, clearValue = VV4F (V4 0.0 0.0 0.0 0.0)}],SetProgram 4,SetRasterContext (TriangleCtx (CullFront CCW) PolygonFill NoOffset LastVertex),SetAccumulationContext (AccumulationContext {accViewportName = Nothing, accOperations = [DepthOp Lequal True,ColorOp NoBlending (VV4B (V4 True True True True))]}),RenderSlot 2,SetProgram 3,SetRasterContext (TriangleCtx (CullFront CCW) PolygonFill NoOffset LastVertex),SetAccumulationContext (AccumulationContext {accViewportName = Nothing, accOperations = [DepthOp Lequal True,ColorOp (Blend {colorEqSrc = FuncAdd, alphaEqSrc = FuncAdd, colorFSrc = DstColor, colorFDst = Zero, alphaFSrc = DstColor, alphaFDst = Zero, color = V4 0.0 0.0 0.0 0.0}) (VV4B (V4 True True True True))]}),RenderSlot 2,SetProgram 2,SetRasterContext (TriangleCtx CullNone PolygonFill NoOffset LastVertex),SetAccumulationContext (AccumulationContext {accViewportName = Nothing, accOperations = [DepthOp Lequal True,ColorOp NoBlending (VV4B (V4 True True True True))]}),RenderSlot 1,SetProgram 1,SetRasterContext (TriangleCtx CullNone PolygonFill NoOffset LastVertex),SetAccumulationContext (AccumulationContext {accViewportName = Nothing, accOperations = [DepthOp Less False,ColorOp (Blend {colorEqSrc = FuncAdd, alphaEqSrc = Min, colorFSrc = One, colorFDst = One, alphaFSrc = One, alphaFDst = One, color = V4 1.0 1.0 1.0 1.0}) (VV4B (V4 True True True True))]}),RenderSlot 0,SetProgram 0,SetRasterContext (TriangleCtx CullNone (PolygonLine 1.0) NoOffset LastVertex),SetAccumulationContext (AccumulationContext {accViewportName = Nothing, accOperations = [DepthOp Lequal True,ColorOp NoBlending (VV4B (V4 True True True True))]}),RenderSlot 0]}