Pipeline {backend = OpenGL33, textures = [], samplers = [], targets = [RenderTarget {renderTargets = [TargetItem {targetSemantic = Color, targetRef = Just (Framebuffer Color)}]}], programs = [Program {programUniforms = fromList [], programStreams = fromList [("v",Parameter {name = "position4", ty = V4F})], programInTextures = fromList [], programOutput = [Parameter {name = "f0", ty = V4F}], vertexShader = "#version 330 core\nvec4 texture2D(sampler2D s, vec2 uv){return texture(s,uv);}\nin vec4 v ;\nvoid main() {\ngl_Position = ( ( mat4 ( vec4 ( -0.9899924966004454,-0.1411200080598672,0.0,0.0 ),vec4 ( 0.1411200080598672,-0.9899924966004454,0.0,0.0 ),vec4 ( 0.0,0.0,1.0,0.0 ),vec4 ( 0.0,0.0,0.0,1.0 ) ) ) * ( v ) ) * ( vec4 ( 0.1,0.1,0.1,1.0 ) );\ngl_PointSize = 1.0;\n}\n", geometryShader = Nothing, fragmentShader = "#version 330 core\nvec4 texture2D(sampler2D s, vec2 uv){return texture(s,uv);}\nout vec4 f0 ;\nvoid main() {\nf0 = vec4 ( 0.0,0.0,1.0,1.0 );\n}\n"}], slots = [Slot {slotName = "stream4", slotStreams = fromList [("position4",V4F)], slotUniforms = fromList [], slotPrimitive = Triangles, slotPrograms = [0]}], streams = [], commands = [SetRenderTarget 0,ClearRenderTarget [ClearImage {imageSemantic = Color, clearValue = VV4F (V4 1.0 0.0 0.0 1.0)}],SetProgram 0,SetRasterContext (TriangleCtx CullNone PolygonFill NoOffset LastVertex),SetAccumulationContext (AccumulationContext {accViewportName = Nothing, accOperations = [ColorOp NoBlending (VV4B (V4 True True True True))]}),RenderSlot 0]}