Pipeline {backend = OpenGL33, textures = [TextureDescriptor {textureType = Texture2D (FloatT Red) 1, textureSize = VV2U (V2 1024 768), textureSemantic = Depth, textureSampler = SamplerDescriptor {samplerWrapS = Repeat, samplerWrapT = Nothing, samplerWrapR = Nothing, samplerMinFilter = Linear, samplerMagFilter = Linear, samplerBorderColor = VV4F (V4 0.0 0.0 0.0 1.0), samplerMinLod = Nothing, samplerMaxLod = Nothing, samplerLodBias = 0.0, samplerCompareFunc = Nothing}, textureBaseLevel = 0, textureMaxLevel = 0},TextureDescriptor {textureType = Texture2D (FloatT RGBA) 1, textureSize = VV2U (V2 1024 768), textureSemantic = Color, textureSampler = SamplerDescriptor {samplerWrapS = Repeat, samplerWrapT = Nothing, samplerWrapR = Nothing, samplerMinFilter = Linear, samplerMagFilter = Linear, samplerBorderColor = VV4F (V4 0.0 0.0 0.0 1.0), samplerMinLod = Nothing, samplerMaxLod = Nothing, samplerLodBias = 0.0, samplerCompareFunc = Nothing}, textureBaseLevel = 0, textureMaxLevel = 0},TextureDescriptor {textureType = Texture2D (FloatT Red) 1, textureSize = VV2U (V2 1024 768), textureSemantic = Depth, textureSampler = SamplerDescriptor {samplerWrapS = Repeat, samplerWrapT = Nothing, samplerWrapR = Nothing, samplerMinFilter = Linear, samplerMagFilter = Linear, samplerBorderColor = VV4F (V4 0.0 0.0 0.0 1.0), samplerMinLod = Nothing, samplerMaxLod = Nothing, samplerLodBias = 0.0, samplerCompareFunc = Nothing}, textureBaseLevel = 0, textureMaxLevel = 0},TextureDescriptor {textureType = Texture2D (FloatT RGBA) 1, textureSize = VV2U (V2 1024 768), textureSemantic = Color, textureSampler = SamplerDescriptor {samplerWrapS = Repeat, samplerWrapT = Nothing, samplerWrapR = Nothing, samplerMinFilter = Linear, samplerMagFilter = Linear, samplerBorderColor = VV4F (V4 0.0 0.0 0.0 1.0), samplerMinLod = Nothing, samplerMaxLod = Nothing, samplerLodBias = 0.0, samplerCompareFunc = Nothing}, textureBaseLevel = 0, textureMaxLevel = 0},TextureDescriptor {textureType = Texture2D (FloatT Red) 1, textureSize = VV2U (V2 1024 768), textureSemantic = Depth, textureSampler = SamplerDescriptor {samplerWrapS = Repeat, samplerWrapT = Nothing, samplerWrapR = Nothing, samplerMinFilter = Linear, samplerMagFilter = Linear, samplerBorderColor = VV4F (V4 0.0 0.0 0.0 1.0), samplerMinLod = Nothing, samplerMaxLod = Nothing, samplerLodBias = 0.0, samplerCompareFunc = Nothing}, textureBaseLevel = 0, textureMaxLevel = 0},TextureDescriptor {textureType = Texture2D (FloatT RGBA) 1, textureSize = VV2U (V2 1024 768), textureSemantic = Color, textureSampler = SamplerDescriptor {samplerWrapS = Repeat, samplerWrapT = Nothing, samplerWrapR = Nothing, samplerMinFilter = Linear, samplerMagFilter = Linear, samplerBorderColor = VV4F (V4 0.0 0.0 0.0 1.0), samplerMinLod = Nothing, samplerMaxLod = Nothing, samplerLodBias = 0.0, samplerCompareFunc = Nothing}, textureBaseLevel = 0, textureMaxLevel = 0},TextureDescriptor {textureType = Texture2D (FloatT Red) 1, textureSize = VV2U (V2 1024 768), textureSemantic = Depth, textureSampler = SamplerDescriptor {samplerWrapS = Repeat, samplerWrapT = Nothing, samplerWrapR = Nothing, samplerMinFilter = Linear, samplerMagFilter = Linear, samplerBorderColor = VV4F (V4 0.0 0.0 0.0 1.0), samplerMinLod = Nothing, samplerMaxLod = Nothing, samplerLodBias = 0.0, samplerCompareFunc = Nothing}, textureBaseLevel = 0, textureMaxLevel = 0},TextureDescriptor {textureType = Texture2D (FloatT RGBA) 1, textureSize = VV2U (V2 1024 768), textureSemantic = Color, textureSampler = SamplerDescriptor {samplerWrapS = Repeat, samplerWrapT = Nothing, samplerWrapR = Nothing, samplerMinFilter = Linear, samplerMagFilter = Linear, samplerBorderColor = VV4F (V4 0.0 0.0 0.0 1.0), samplerMinLod = Nothing, samplerMaxLod = Nothing, samplerLodBias = 0.0, samplerCompareFunc = Nothing}, textureBaseLevel = 0, textureMaxLevel = 0},TextureDescriptor {textureType = Texture2D (FloatT Red) 1, textureSize = VV2U (V2 1024 768), textureSemantic = Depth, textureSampler = SamplerDescriptor {samplerWrapS = Repeat, samplerWrapT = Nothing, samplerWrapR = Nothing, samplerMinFilter = Linear, samplerMagFilter = Linear, samplerBorderColor = VV4F (V4 0.0 0.0 0.0 1.0), samplerMinLod = Nothing, samplerMaxLod = Nothing, samplerLodBias = 0.0, samplerCompareFunc = Nothing}, textureBaseLevel = 0, textureMaxLevel = 0},TextureDescriptor {textureType = Texture2D (FloatT RGBA) 1, textureSize = VV2U (V2 1024 768), textureSemantic = Color, textureSampler = SamplerDescriptor {samplerWrapS = Repeat, samplerWrapT = Nothing, samplerWrapR = Nothing, samplerMinFilter = Linear, samplerMagFilter = Linear, samplerBorderColor = VV4F (V4 0.0 0.0 0.0 1.0), samplerMinLod = Nothing, samplerMaxLod = Nothing, samplerLodBias = 0.0, samplerCompareFunc = Nothing}, textureBaseLevel = 0, textureMaxLevel = 0}], samplers = [], targets = [RenderTarget {renderTargets = [(Depth,Just (Framebuffer Depth)),(Color,Just (Framebuffer Color))]},RenderTarget {renderTargets = [(Depth,Just (TextureImage 0 0 Nothing)),(Color,Just (TextureImage 1 0 Nothing))]},RenderTarget {renderTargets = [(Depth,Just (TextureImage 2 0 Nothing)),(Color,Just (TextureImage 3 0 Nothing))]},RenderTarget {renderTargets = [(Depth,Just (TextureImage 4 0 Nothing)),(Color,Just (TextureImage 5 0 Nothing))]},RenderTarget {renderTargets = [(Depth,Just (TextureImage 6 0 Nothing)),(Color,Just (TextureImage 7 0 Nothing))]},RenderTarget {renderTargets = [(Depth,Just (TextureImage 8 0 Nothing)),(Color,Just (TextureImage 9 0 Nothing))]}], programs = [Program {programUniforms = fromList [("MVP",M44F)], programStreams = fromList [("u",("vertexUV",V2F)),("v",("position4",V4F))], programInTextures = fromList [], programOutput = [("f0",V4F)], vertexShader = "#version 330 core\nvec4 texture2D(sampler2D s, vec2 uv){return texture(s,uv);}\nuniform mat4 MVP ;\nin vec4 v ;\nin vec2 u ;\nsmooth out vec2 v0 ;\nvoid main() {\nv0 = u;\ngl_Position = ( ( MVP ) * ( v ) ) * ( vec4 ( 0.5,0.5,0.5,1.0 ) );\ngl_PointSize = 1.0;\n}\n", geometryShader = Nothing, fragmentShader = "#version 330 core\nvec4 texture2D(sampler2D s, vec2 uv){return texture(s,uv);}\nsmooth in vec2 v0 ;\nout vec4 f0 ;\nvoid main() {\nf0 = vec4 ( ( v0 ).x,( v0 ).y,( v0 ).x,( v0 ).y );\n}\n"},Program {programUniforms = fromList [("MVP",M44F)], programStreams = fromList [("u",("vertexUV",V2F)),("v",("position4",V4F))], programInTextures = fromList [("sampler4",FTexture2D)], programOutput = [("f0",V4F)], vertexShader = "#version 330 core\nvec4 texture2D(sampler2D s, vec2 uv){return texture(s,uv);}\nuniform mat4 MVP ;\nin vec4 v ;\nin vec2 u ;\nsmooth out vec2 v0 ;\nvoid main() {\nv0 = u;\ngl_Position = ( ( MVP ) * ( v ) ) * ( vec4 ( 1.0,1.0,1.0,1.0 ) );\ngl_PointSize = 1.0;\n}\n", geometryShader = Nothing, fragmentShader = "#version 330 core\nvec4 texture2D(sampler2D s, vec2 uv){return texture(s,uv);}\nuniform sampler2D sampler4 ;\nsmooth in vec2 v0 ;\nout vec4 f0 ;\nvoid main() {\nf0 = ( texture2D ( sampler4,v0 ) ) * ( vec4 ( 0.7,0.7,0.7,1.0 ) );\n}\n"},Program {programUniforms = fromList [("MVP",M44F)], programStreams = fromList [("u",("vertexUV",V2F)),("v",("position4",V4F))], programInTextures = fromList [("sampler3",FTexture2D)], programOutput = [("f0",V4F)], vertexShader = "#version 330 core\nvec4 texture2D(sampler2D s, vec2 uv){return texture(s,uv);}\nuniform mat4 MVP ;\nin vec4 v ;\nin vec2 u ;\nsmooth out vec2 v0 ;\nvoid main() {\nv0 = u;\ngl_Position = ( ( MVP ) * ( v ) ) * ( vec4 ( 1.0,1.0,1.0,1.0 ) );\ngl_PointSize = 1.0;\n}\n", geometryShader = Nothing, fragmentShader = "#version 330 core\nvec4 texture2D(sampler2D s, vec2 uv){return texture(s,uv);}\nuniform sampler2D sampler3 ;\nsmooth in vec2 v0 ;\nout vec4 f0 ;\nvoid main() {\nf0 = ( texture2D ( sampler3,v0 ) ) * ( vec4 ( 0.7,0.7,0.7,1.0 ) );\n}\n"},Program {programUniforms = fromList [("MVP",M44F)], programStreams = fromList [("u",("vertexUV",V2F)),("v",("position4",V4F))], programInTextures = fromList [("sampler2",FTexture2D)], programOutput = [("f0",V4F)], vertexShader = "#version 330 core\nvec4 texture2D(sampler2D s, vec2 uv){return texture(s,uv);}\nuniform mat4 MVP ;\nin vec4 v ;\nin vec2 u ;\nsmooth out vec2 v0 ;\nvoid main() {\nv0 = u;\ngl_Position = ( ( MVP ) * ( v ) ) * ( vec4 ( 1.0,1.0,1.0,1.0 ) );\ngl_PointSize = 1.0;\n}\n", geometryShader = Nothing, fragmentShader = "#version 330 core\nvec4 texture2D(sampler2D s, vec2 uv){return texture(s,uv);}\nuniform sampler2D sampler2 ;\nsmooth in vec2 v0 ;\nout vec4 f0 ;\nvoid main() {\nf0 = ( texture2D ( sampler2,v0 ) ) * ( vec4 ( 0.7,0.7,0.7,1.0 ) );\n}\n"},Program {programUniforms = fromList [("MVP",M44F)], programStreams = fromList [("u",("vertexUV",V2F)),("v",("position4",V4F))], programInTextures = fromList [("sampler1",FTexture2D)], programOutput = [("f0",V4F)], vertexShader = "#version 330 core\nvec4 texture2D(sampler2D s, vec2 uv){return texture(s,uv);}\nuniform mat4 MVP ;\nin vec4 v ;\nin vec2 u ;\nsmooth out vec2 v0 ;\nvoid main() {\nv0 = u;\ngl_Position = ( ( MVP ) * ( v ) ) * ( vec4 ( 1.0,1.0,1.0,1.0 ) );\ngl_PointSize = 1.0;\n}\n", geometryShader = Nothing, fragmentShader = "#version 330 core\nvec4 texture2D(sampler2D s, vec2 uv){return texture(s,uv);}\nuniform sampler2D sampler1 ;\nsmooth in vec2 v0 ;\nout vec4 f0 ;\nvoid main() {\nf0 = ( texture2D ( sampler1,v0 ) ) * ( vec4 ( 0.7,0.7,0.7,1.0 ) );\n}\n"},Program {programUniforms = fromList [("MVP",M44F)], programStreams = fromList [("u",("vertexUV",V2F)),("v",("position4",V4F))], programInTextures = fromList [("sampler0",FTexture2D)], programOutput = [("f0",V4F)], vertexShader = "#version 330 core\nvec4 texture2D(sampler2D s, vec2 uv){return texture(s,uv);}\nuniform mat4 MVP ;\nin vec4 v ;\nin vec2 u ;\nsmooth out vec2 v0 ;\nvoid main() {\nv0 = u;\ngl_Position = ( ( MVP ) * ( v ) ) * ( vec4 ( 1.0,1.0,1.0,1.0 ) );\ngl_PointSize = 1.0;\n}\n", geometryShader = Nothing, fragmentShader = "#version 330 core\nvec4 texture2D(sampler2D s, vec2 uv){return texture(s,uv);}\nuniform sampler2D sampler0 ;\nsmooth in vec2 v0 ;\nout vec4 f0 ;\nvoid main() {\nf0 = ( texture2D ( sampler0,v0 ) ) * ( vec4 ( 0.7,0.7,0.7,1.0 ) );\n}\n"}], slots = [Slot {slotName = "stream4", slotStreams = fromList [("position4",V4F),("vertexUV",V2F)], slotUniforms = fromList [("MVP",M44F)], slotPrimitive = Triangles, slotPrograms = [0,1,2,3,4,5]}], streams = [], commands = [SetRenderTarget 5,ClearRenderTarget [(Depth,VFloat 1000.0),(Color,VV4F (V4 0.5 0.0 0.0 1.0))],SetProgram 0,SetRasterContext (TriangleCtx CullNone PolygonFill NoOffset LastVertex),SetAccumulationContext (AccumulationContext {accViewportName = Nothing, accOperations = [DepthOp Less True,ColorOp NoBlending (VV4B (V4 True True True True))]}),RenderSlot 0,SetRenderTarget 4,ClearRenderTarget [(Depth,VFloat 1000.0),(Color,VV4F (V4 0.5 0.0 0.0 1.0))],SetProgram 1,SetTexture 0 9,SetSamplerUniform "sampler4" 0,SetRasterContext (TriangleCtx CullNone PolygonFill NoOffset LastVertex),SetAccumulationContext (AccumulationContext {accViewportName = Nothing, accOperations = [DepthOp Less True,ColorOp NoBlending (VV4B (V4 True True True True))]}),RenderSlot 0,SetRenderTarget 3,ClearRenderTarget [(Depth,VFloat 1000.0),(Color,VV4F (V4 0.5 0.0 0.0 1.0))],SetProgram 2,SetTexture 0 7,SetSamplerUniform "sampler3" 0,SetRasterContext (TriangleCtx CullNone PolygonFill NoOffset LastVertex),SetAccumulationContext (AccumulationContext {accViewportName = Nothing, accOperations = [DepthOp Less True,ColorOp NoBlending (VV4B (V4 True True True True))]}),RenderSlot 0,SetRenderTarget 2,ClearRenderTarget [(Depth,VFloat 1000.0),(Color,VV4F (V4 0.5 0.0 0.0 1.0))],SetProgram 3,SetTexture 0 5,SetSamplerUniform "sampler2" 0,SetRasterContext (TriangleCtx CullNone PolygonFill NoOffset LastVertex),SetAccumulationContext (AccumulationContext {accViewportName = Nothing, accOperations = [DepthOp Less True,ColorOp NoBlending (VV4B (V4 True True True True))]}),RenderSlot 0,SetRenderTarget 1,ClearRenderTarget [(Depth,VFloat 1000.0),(Color,VV4F (V4 0.5 0.0 0.0 1.0))],SetProgram 4,SetTexture 0 3,SetSamplerUniform "sampler1" 0,SetRasterContext (TriangleCtx CullNone PolygonFill NoOffset LastVertex),SetAccumulationContext (AccumulationContext {accViewportName = Nothing, accOperations = [DepthOp Less True,ColorOp NoBlending (VV4B (V4 True True True True))]}),RenderSlot 0,SetRenderTarget 0,ClearRenderTarget [(Depth,VFloat 1000.0),(Color,VV4F (V4 0.5 0.0 0.0 1.0))],SetProgram 5,SetTexture 0 1,SetSamplerUniform "sampler0" 0,SetRasterContext (TriangleCtx CullNone PolygonFill NoOffset LastVertex),SetAccumulationContext (AccumulationContext {accViewportName = Nothing, accOperations = [DepthOp Less True,ColorOp NoBlending (VV4B (V4 True True True True))]}),RenderSlot 0]}