Pipeline {backend = OpenGL33, textures = [], samplers = [], targets = [RenderTarget {renderTargets = [TargetItem {targetSemantic = Color, targetRef = Just (Framebuffer Color)}]}], programs = [Program {programUniforms = fromList [], programStreams = fromList [("f8",Parameter {name = "position4", ty = V4F})], programInTextures = fromList [], programOutput = [Parameter {name = "f0", ty = V4F}], vertexShader = "#version 330 core\nvec4 texture2D(sampler2D s, vec2 uv){return texture(s,uv);}\nin vec4 f8 ;\nsmooth out vec4 v0 ;\nvoid main() {\nv0 = f8;\ngl_Position = f8;\ngl_PointSize = 1.0;\n}\n", geometryShader = Nothing, fragmentShader = "#version 330 core\nvec4 texture2D(sampler2D s, vec2 uv){return texture(s,uv);}\nsmooth in vec4 v0 ;\nout vec4 f0 ;\nvoid main() {\nf0 = vec4 ( 1.0,0.0,0.0,1.0 );\n}\n"},Program {programUniforms = fromList [], programStreams = fromList [("q18",Parameter {name = "position4", ty = V4F})], programInTextures = fromList [], programOutput = [Parameter {name = "f0", ty = V4F}], vertexShader = "#version 330 core\nvec4 texture2D(sampler2D s, vec2 uv){return texture(s,uv);}\nin vec4 q18 ;\nsmooth out vec4 v0 ;\nvoid main() {\nv0 = q18;\ngl_Position = q18;\ngl_PointSize = 1.0;\n}\n", geometryShader = Nothing, fragmentShader = "#version 330 core\nvec4 texture2D(sampler2D s, vec2 uv){return texture(s,uv);}\nsmooth in vec4 v0 ;\nout vec4 f0 ;\nvoid main() {\nf0 = vec4 ( 0.0,1.0,0.0,1.0 );\n}\n"}], slots = [Slot {slotName = "stream4", slotStreams = fromList [("position4",V4F)], slotUniforms = fromList [], slotPrimitive = Triangles, slotPrograms = [0,1]}], streams = [], commands = [SetRenderTarget 0,ClearRenderTarget [ClearImage {imageSemantic = Color, clearValue = VV4F (V4 0.0 0.0 1.0 1.0)}],SetProgram 1,SetRasterContext (TriangleCtx CullNone PolygonFill NoOffset LastVertex),SetAccumulationContext (AccumulationContext {accViewportName = Nothing, accOperations = [ColorOp NoBlending (VV4B (V4 False True False False))]}),RenderSlot 0,SetProgram 0,SetRasterContext (TriangleCtx CullNone PolygonFill NoOffset LastVertex),SetAccumulationContext (AccumulationContext {accViewportName = Nothing, accOperations = [ColorOp NoBlending (VV4B (V4 True False False False))]}),RenderSlot 0]}